; range: 8c0940d0 - 8c094134

8c0940d0  c3 89        bt 0x8c09405a
8c0940d2  17 d2        mov.l 0x8c094130,r2
8c0940d4  0b 42        jsr @r2
8c0940d6  e3 64        _mov r14,r4
8c0940d8  f1 56        mov.l @(0x4,r15),r6
8c0940da  01 e2        mov #0x1,r2
8c0940dc  16 90        mov.w 0x8c09410c,r0
8c0940de  26 06        mov.l r2,@(r0,r6)
8c0940e0  bb af        bra 0x8c09405a
8c0940e2  09 00        _nop
8c0940e4  f1 56        mov.l @(0x4,r15),r6
8c0940e6  12 90        mov.w 0x8c09410e,r0
8c0940e8  6e 05        mov.l @(r0,r6),r5
8c0940ea  58 25        tst r5,r5
8c0940ec  b5 89        bt 0x8c09405a
8c0940ee  11 d2        mov.l 0x8c094134,r2
8c0940f0  0b 42        jsr @r2
8c0940f2  e3 64        _mov r14,r4
8c0940f4  f1 56        mov.l @(0x4,r15),r6
8c0940f6  01 e2        mov #0x1,r2
8c0940f8  0a 90        mov.w 0x8c094110,r0
8c0940fa  26 06        mov.l r2,@(r0,r6)
8c0940fc  ad af        bra 0x8c09405a
8c0940fe  09 00        _nop
8c094100  70 02        undefined2 0270h
8c094102  d0 00        undefined2 00D0h
8c094104  ff 00        undefined2 00FFh
8c094106  90 00        undefined2 0090h
8c094108  9c 00        undefined2 009Ch
8c09410a  8c 00        undefined2 008Ch
8c09410c  98 00        undefined2 0098h
8c09410e  88 00        undefined2 0088h
8c094110  94 00        undefined2 0094h
8c094112  00           ?? 00h
8c094113  00           ?? 00h
8c094114  80 c8 1b 8c  addr 8c1bc880
8c094118  2e cf 0d 8c  addr 8c0dcf2e
8c09411c  e4 e7 09 8c  addr 8c09e7e4
8c094120  4e e6 0d 8c  addr 8c0de64e
8c094124  0a e7 0d 8c  addr 8c0de70a
8c094128  f0 e2 0d 8c  addr 8c0de2f0
8c09412c  64 dd 0d 8c  addr 8c0ddd64
8c094130  e4 db 0d 8c  addr 8c0ddbe4
8c094134  44 da 0d 8c  addr 8c0dda44
