; range: 8c0f1950 - 8c0f1d6c

8c0f1950  22           ?? 22h    "
8c0f1951  4f           ?? 4Fh    O
8c0f1952  f0           ?? F0h
8c0f1953  7f           ?? 7Fh    
8c0f1954  0c           ?? 0Ch
8c0f1955  e0           ?? E0h
8c0f1956  68           ?? 68h    h
8c0f1957  26           ?? 26h    &
8c0f1958  47           ?? 47h    G
8c0f1959  ff           ?? FFh
8c0f195a  62           ?? 62h    b
8c0f195b  1f           ?? 1Fh
8c0f195c  51           ?? 51h    Q
8c0f195d  1f           ?? 1Fh
8c0f195e  02           ?? 02h
8c0f195f  8f           ?? 8Fh
8c0f1960  42           ?? 42h    B
8c0f1961  2f           ?? 2Fh    /
8c0f1962  7d           ?? 7Dh    }
8c0f1963  a4           ?? A4h
8c0f1964  09           ?? 09h
8c0f1965  00           ?? 00h
8c0f1966  63           ?? 63h    c
8c0f1967  60           ?? 60h    `
8c0f1968  02           ?? 02h
8c0f1969  88           ?? 88h
8c0f196a  01           ?? 01h
8c0f196b  8b           ?? 8Bh
8c0f196c  14           ?? 14h
8c0f196d  a4           ?? A4h
8c0f196e  09           ?? 09h
8c0f196f  00           ?? 00h
8c0f1970  63           ?? 63h    c
8c0f1971  60           ?? 60h    `
8c0f1972  03           ?? 03h
8c0f1973  88           ?? 88h
8c0f1974  01           ?? 01h
8c0f1975  8b           ?? 8Bh
8c0f1976  75           ?? 75h    u
8c0f1977  a3           ?? A3h
8c0f1978  09           ?? 09h
8c0f1979  00           ?? 00h
8c0f197a  63           ?? 63h    c
8c0f197b  60           ?? 60h    `
8c0f197c  04           ?? 04h
8c0f197d  88           ?? 88h
8c0f197e  01           ?? 01h
8c0f197f  8b           ?? 8Bh
8c0f1980  e8           ?? E8h
8c0f1981  a2           ?? A2h
8c0f1982  09           ?? 09h
8c0f1983  00           ?? 00h
8c0f1984  63           ?? 63h    c
8c0f1985  60           ?? 60h    `
8c0f1986  05           ?? 05h
8c0f1987  88           ?? 88h
8c0f1988  01           ?? 01h
8c0f1989  8b           ?? 8Bh
8c0f198a  57           ?? 57h    W
8c0f198b  a2           ?? A2h
8c0f198c  09           ?? 09h
8c0f198d  00           ?? 00h
8c0f198e  63           ?? 63h    c
8c0f198f  60           ?? 60h    `
8c0f1990  06           ?? 06h
8c0f1991  88           ?? 88h
8c0f1992  01           ?? 01h
8c0f1993  8b           ?? 8Bh
8c0f1994  ca           ?? CAh
8c0f1995  a1           ?? A1h
8c0f1996  09           ?? 09h
8c0f1997  00           ?? 00h
8c0f1998  63           ?? 63h    c
8c0f1999  60           ?? 60h    `
8c0f199a  07           ?? 07h
8c0f199b  88           ?? 88h
8c0f199c  01           ?? 01h
8c0f199d  8b           ?? 8Bh
8c0f199e  c5           ?? C5h
8c0f199f  a1           ?? A1h
8c0f19a0  09           ?? 09h
8c0f19a1  00           ?? 00h
8c0f19a2  63           ?? 63h    c
8c0f19a3  60           ?? 60h    `
8c0f19a4  08           ?? 08h
8c0f19a5  88           ?? 88h
8c0f19a6  01           ?? 01h
8c0f19a7  8b           ?? 8Bh
8c0f19a8  c0           ?? C0h
8c0f19a9  a1           ?? A1h
8c0f19aa  09           ?? 09h
8c0f19ab  00           ?? 00h
8c0f19ac  63           ?? 63h    c
8c0f19ad  60           ?? 60h    `
8c0f19ae  09           ?? 09h
8c0f19af  88           ?? 88h
8c0f19b0  01           ?? 01h
8c0f19b1  8b           ?? 8Bh
8c0f19b2  31           ?? 31h    1
8c0f19b3  a1           ?? A1h
8c0f19b4  09           ?? 09h
8c0f19b5  00           ?? 00h
8c0f19b6  63           ?? 63h    c
8c0f19b7  60           ?? 60h    `
8c0f19b8  0a           ?? 0Ah
8c0f19b9  88           ?? 88h
8c0f19ba  01           ?? 01h
8c0f19bb  8b           ?? 8Bh
8c0f19bc  d6           ?? D6h
8c0f19bd  a0           ?? A0h
8c0f19be  09           ?? 09h
8c0f19bf  00           ?? 00h
8c0f19c0  63           ?? 63h    c
8c0f19c1  60           ?? 60h    `
8c0f19c2  0b           ?? 0Bh
8c0f19c3  88           ?? 88h
8c0f19c4  62           ?? 62h    b
8c0f19c5  89           ?? 89h
8c0f19c6  63           ?? 63h    c
8c0f19c7  60           ?? 60h    `
8c0f19c8  0c           ?? 0Ch
8c0f19c9  88           ?? 88h
8c0f19ca  5f           ?? 5Fh    _
8c0f19cb  89           ?? 89h
8c0f19cc  63           ?? 63h    c
8c0f19cd  60           ?? 60h    `
8c0f19ce  0d           ?? 0Dh
8c0f19cf  88           ?? 88h
8c0f19d0  5c           ?? 5Ch    \
8c0f19d1  89           ?? 89h
8c0f19d2  63           ?? 63h    c
8c0f19d3  60           ?? 60h    `
8c0f19d4  0e           ?? 0Eh
8c0f19d5  88           ?? 88h
8c0f19d6  0b           ?? 0Bh
8c0f19d7  89           ?? 89h
8c0f19d8  63           ?? 63h    c
8c0f19d9  60           ?? 60h    `
8c0f19da  10           ?? 10h
8c0f19db  88           ?? 88h
8c0f19dc  08           ?? 08h
8c0f19dd  89           ?? 89h
8c0f19de  63           ?? 63h    c
8c0f19df  60           ?? 60h    `
8c0f19e0  11           ?? 11h
8c0f19e1  88           ?? 88h
8c0f19e2  53           ?? 53h    S
8c0f19e3  89           ?? 89h
8c0f19e4  10           ?? 10h
8c0f19e5  7f           ?? 7Fh    
8c0f19e6  26           ?? 26h    &
8c0f19e7  4f           ?? 4Fh    O
8c0f19e8  f6           ?? F6h
8c0f19e9  6e           ?? 6Eh    n
8c0f19ea  0b           ?? 0Bh
8c0f19eb  00           ?? 00h
8c0f19ec  f6           ?? F6h
8c0f19ed  6d           ?? 6Dh    m
8c0f19ee  ff           ?? FFh
8c0f19ef  00           ?? 00h
8c0f19f0  f2           ?? F2h
8c0f19f1  6e           ?? 6Eh    n
8c0f19f2  4d           ?? 4Dh    M
8c0f19f3  d2           ?? D2h
8c0f19f4  4d           ?? 4Dh    M
8c0f19f5  dd           ?? DDh
8c0f19f6  0b           ?? 0Bh
8c0f19f7  42           ?? 42h    B
8c0f19f8  eb           ?? EBh
8c0f19f9  54           ?? 54h    T
8c0f19fa  ef           ?? EFh
8c0f19fb  54           ?? 54h    T
8c0f19fc  4c           ?? 4Ch    L
8c0f19fd  d2           ?? D2h
8c0f19fe  0b           ?? 0Bh
8c0f19ff  42           ?? 42h    B
8c0f1a00  01           ?? 01h
8c0f1a01  e5           ?? E5h
8c0f1a02  ef           ?? EFh
8c0f1a03  54           ?? 54h    T
8c0f1a04  00           ?? 00h
8c0f1a05  e5           ?? E5h
8c0f1a06  0b           ?? 0Bh
8c0f1a07  4d           ?? 4Dh    M
8c0f1a08  00           ?? 00h
8c0f1a09  e6           ?? E6h
8c0f1a0a  ef           ?? EFh
8c0f1a0b  54           ?? 54h    T
8c0f1a0c  01           ?? 01h
8c0f1a0d  e5           ?? E5h
8c0f1a0e  0b           ?? 0Bh
8c0f1a0f  4d           ?? 4Dh    M
8c0f1a10  01           ?? 01h
8c0f1a11  e6           ?? E6h
8c0f1a12  ef           ?? EFh
8c0f1a13  54           ?? 54h    T
8c0f1a14  02           ?? 02h
8c0f1a15  e5           ?? E5h
8c0f1a16  0b           ?? 0Bh
8c0f1a17  4d           ?? 4Dh    M
8c0f1a18  00           ?? 00h
8c0f1a19  e6           ?? E6h
8c0f1a1a  ef           ?? EFh
8c0f1a1b  54           ?? 54h    T
8c0f1a1c  45           ?? 45h    E
8c0f1a1d  d2           ?? D2h
8c0f1a1e  0b           ?? 0Bh
8c0f1a1f  42           ?? 42h    B
8c0f1a20  01           ?? 01h
8c0f1a21  e5           ?? E5h
8c0f1a22  ef           ?? EFh
8c0f1a23  54           ?? 54h    T
8c0f1a24  44           ?? 44h    D
8c0f1a25  d2           ?? D2h
8c0f1a26  0b           ?? 0Bh
8c0f1a27  42           ?? 42h    B
8c0f1a28  01           ?? 01h
8c0f1a29  e5           ?? E5h
8c0f1a2a  ef           ?? EFh
8c0f1a2b  54           ?? 54h    T
8c0f1a2c  43           ?? 43h    C
8c0f1a2d  d2           ?? D2h
8c0f1a2e  0b           ?? 0Bh
8c0f1a2f  42           ?? 42h    B
8c0f1a30  03           ?? 03h
8c0f1a31  e5           ?? E5h
8c0f1a32  ef           ?? EFh
8c0f1a33  54           ?? 54h    T
8c0f1a34  42           ?? 42h    B
8c0f1a35  d2           ?? D2h
8c0f1a36  0b           ?? 0Bh
8c0f1a37  42           ?? 42h    B
8c0f1a38  06           ?? 06h
8c0f1a39  e5           ?? E5h
8c0f1a3a  ef           ?? EFh
8c0f1a3b  54           ?? 54h    T
8c0f1a3c  41           ?? 41h    A
8c0f1a3d  d2           ?? D2h
8c0f1a3e  0b           ?? 0Bh
8c0f1a3f  42           ?? 42h    B
8c0f1a40  01           ?? 01h
8c0f1a41  e5           ?? E5h
8c0f1a42  f2           ?? F2h
8c0f1a43  6e           ?? 6Eh    n
8c0f1a44  00           ?? 00h
8c0f1a45  e5           ?? E5h
8c0f1a46  40           ?? 40h    @
8c0f1a47  d2           ?? D2h
8c0f1a48  40           ?? 40h    @
8c0f1a49  dd           ?? DDh
8c0f1a4a  0b           ?? 0Bh
8c0f1a4b  42           ?? 42h    B
8c0f1a4c  ef           ?? EFh
8c0f1a4d  54           ?? 54h    T
8c0f1a4e  ef           ?? EFh
8c0f1a4f  54           ?? 54h    T
8c0f1a50  00           ?? 00h
8c0f1a51  e6           ?? E6h
8c0f1a52  3f           ?? 3Fh    ?
8c0f1a53  d2           ?? D2h
8c0f1a54  01           ?? 01h
8c0f1a55  e7           ?? E7h
8c0f1a56  0b           ?? 0Bh
8c0f1a57  42           ?? 42h    B
8c0f1a58  d3           ?? D3h
8c0f1a59  65           ?? 65h    e
8c0f1a5a  ef           ?? EFh
8c0f1a5b  54           ?? 54h    T
8c0f1a5c  3d           ?? 3Dh    =
8c0f1a5d  d2           ?? D2h
8c0f1a5e  0b           ?? 0Bh
8c0f1a5f  42           ?? 42h    B
8c0f1a60  d3           ?? D3h
8c0f1a61  65           ?? 65h    e
8c0f1a62  ef           ?? EFh
8c0f1a63  54           ?? 54h    T
8c0f1a64  3c           ?? 3Ch    <
8c0f1a65  d2           ?? D2h
8c0f1a66  0b           ?? 0Bh
8c0f1a67  42           ?? 42h    B
8c0f1a68  d3           ?? D3h
8c0f1a69  65           ?? 65h    e
8c0f1a6a  ef           ?? EFh
8c0f1a6b  54           ?? 54h    T
8c0f1a6c  3b           ?? 3Bh    ;
8c0f1a6d  d2           ?? D2h
8c0f1a6e  0b           ?? 0Bh
8c0f1a6f  42           ?? 42h    B
8c0f1a70  01           ?? 01h
8c0f1a71  e5           ?? E5h
8c0f1a72  3b           ?? 3Bh    ;
8c0f1a73  d2           ?? D2h
8c0f1a74  0b           ?? 0Bh
8c0f1a75  42           ?? 42h    B
8c0f1a76  ef           ?? EFh
8c0f1a77  54           ?? 54h    T
8c0f1a78  ef           ?? EFh
8c0f1a79  54           ?? 54h    T
8c0f1a7a  3a           ?? 3Ah    :
8c0f1a7b  d2           ?? D2h
8c0f1a7c  0b           ?? 0Bh
8c0f1a7d  42           ?? 42h    B
8c0f1a7e  01           ?? 01h
8c0f1a7f  e5           ?? E5h
8c0f1a80  ef           ?? EFh
8c0f1a81  54           ?? 54h    T
8c0f1a82  39           ?? 39h    9
8c0f1a83  d2           ?? D2h
8c0f1a84  0b           ?? 0Bh
8c0f1a85  42           ?? 42h    B
8c0f1a86  00           ?? 00h
8c0f1a87  e5           ?? E5h
8c0f1a88  ac           ?? ACh
8c0f1a89  af           ?? AFh
8c0f1a8a  09           ?? 09h
8c0f1a8b  00           ?? 00h
8c0f1a8c  f2           ?? F2h
8c0f1a8d  6e           ?? 6Eh    n
8c0f1a8e  26           ?? 26h    &
8c0f1a8f  d2           ?? D2h
8c0f1a90  26           ?? 26h    &
8c0f1a91  dd           ?? DDh
8c0f1a92  0b           ?? 0Bh
8c0f1a93  42           ?? 42h    B
8c0f1a94  eb           ?? EBh
8c0f1a95  54           ?? 54h    T
8c0f1a96  ef           ?? EFh
8c0f1a97  54           ?? 54h    T
8c0f1a98  25           ?? 25h    %
8c0f1a99  d2           ?? D2h
8c0f1a9a  0b           ?? 0Bh
8c0f1a9b  42           ?? 42h    B
8c0f1a9c  01           ?? 01h
8c0f1a9d  e5           ?? E5h
8c0f1a9e  ef           ?? EFh
8c0f1a9f  54           ?? 54h    T
8c0f1aa0  00           ?? 00h
8c0f1aa1  e5           ?? E5h
8c0f1aa2  0b           ?? 0Bh
8c0f1aa3  4d           ?? 4Dh    M
8c0f1aa4  00           ?? 00h
8c0f1aa5  e6           ?? E6h
8c0f1aa6  ef           ?? EFh
8c0f1aa7  54           ?? 54h    T
8c0f1aa8  01           ?? 01h
8c0f1aa9  e5           ?? E5h
8c0f1aaa  0b           ?? 0Bh
8c0f1aab  4d           ?? 4Dh    M
8c0f1aac  00           ?? 00h
8c0f1aad  e6           ?? E6h
8c0f1aae  ef           ?? EFh
8c0f1aaf  54           ?? 54h    T
8c0f1ab0  02           ?? 02h
8c0f1ab1  e5           ?? E5h
8c0f1ab2  0b           ?? 0Bh
8c0f1ab3  4d           ?? 4Dh    M
8c0f1ab4  00           ?? 00h
8c0f1ab5  e6           ?? E6h
8c0f1ab6  ef           ?? EFh
8c0f1ab7  54           ?? 54h    T
8c0f1ab8  1e           ?? 1Eh
8c0f1ab9  d2           ?? D2h
8c0f1aba  0b           ?? 0Bh
8c0f1abb  42           ?? 42h    B
8c0f1abc  01           ?? 01h
8c0f1abd  e5           ?? E5h
8c0f1abe  ef           ?? EFh
8c0f1abf  54           ?? 54h    T
8c0f1ac0  1d           ?? 1Dh
8c0f1ac1  d2           ?? D2h
8c0f1ac2  0b           ?? 0Bh
8c0f1ac3  42           ?? 42h    B
8c0f1ac4  01           ?? 01h
8c0f1ac5  e5           ?? E5h
8c0f1ac6  ef           ?? EFh
8c0f1ac7  54           ?? 54h    T
8c0f1ac8  1c           ?? 1Ch
8c0f1ac9  d2           ?? D2h
8c0f1aca  0b           ?? 0Bh
8c0f1acb  42           ?? 42h    B
8c0f1acc  05           ?? 05h
8c0f1acd  e5           ?? E5h
8c0f1ace  ef           ?? EFh
8c0f1acf  54           ?? 54h    T
8c0f1ad0  1b           ?? 1Bh
8c0f1ad1  d2           ?? D2h
8c0f1ad2  0b           ?? 0Bh
8c0f1ad3  42           ?? 42h    B
8c0f1ad4  04           ?? 04h
8c0f1ad5  e5           ?? E5h
8c0f1ad6  ef           ?? EFh
8c0f1ad7  54           ?? 54h    T
8c0f1ad8  1a           ?? 1Ah
8c0f1ad9  d2           ?? D2h
8c0f1ada  0b           ?? 0Bh
8c0f1adb  42           ?? 42h    B
8c0f1adc  00           ?? 00h
8c0f1add  e5           ?? E5h
8c0f1ade  f2           ?? F2h
8c0f1adf  6e           ?? 6Eh    n
8c0f1ae0  00           ?? 00h
8c0f1ae1  e5           ?? E5h
8c0f1ae2  19           ?? 19h
8c0f1ae3  d2           ?? D2h
8c0f1ae4  19           ?? 19h
8c0f1ae5  dd           ?? DDh
8c0f1ae6  0b           ?? 0Bh
8c0f1ae7  42           ?? 42h    B
8c0f1ae8  ef           ?? EFh
8c0f1ae9  54           ?? 54h    T
8c0f1aea  ef           ?? EFh
8c0f1aeb  54           ?? 54h    T
8c0f1aec  00           ?? 00h
8c0f1aed  e6           ?? E6h
8c0f1aee  18           ?? 18h
8c0f1aef  d2           ?? D2h
8c0f1af0  01           ?? 01h
8c0f1af1  e7           ?? E7h
8c0f1af2  0b           ?? 0Bh
8c0f1af3  42           ?? 42h    B
8c0f1af4  d3           ?? D3h
8c0f1af5  65           ?? 65h    e
8c0f1af6  ef           ?? EFh
8c0f1af7  54           ?? 54h    T
8c0f1af8  16           ?? 16h
8c0f1af9  d2           ?? D2h
8c0f1afa  0b           ?? 0Bh
8c0f1afb  42           ?? 42h    B
8c0f1afc  d3           ?? D3h
8c0f1afd  65           ?? 65h    e
8c0f1afe  ef           ?? EFh
8c0f1aff  54           ?? 54h    T
8c0f1b00  15           ?? 15h
8c0f1b01  d2           ?? D2h
8c0f1b02  0b           ?? 0Bh
8c0f1b03  42           ?? 42h    B
8c0f1b04  d3           ?? D3h
8c0f1b05  65           ?? 65h    e
8c0f1b06  ef           ?? EFh
8c0f1b07  54           ?? 54h    T
8c0f1b08  14           ?? 14h
8c0f1b09  d2           ?? D2h
8c0f1b0a  0b           ?? 0Bh
8c0f1b0b  42           ?? 42h    B
8c0f1b0c  01           ?? 01h
8c0f1b0d  e5           ?? E5h
8c0f1b0e  14           ?? 14h
8c0f1b0f  d2           ?? D2h
8c0f1b10  0b           ?? 0Bh
8c0f1b11  42           ?? 42h    B
8c0f1b12  ef           ?? EFh
8c0f1b13  54           ?? 54h    T
8c0f1b14  ef           ?? EFh
8c0f1b15  54           ?? 54h    T
8c0f1b16  13           ?? 13h
8c0f1b17  d2           ?? D2h
8c0f1b18  0b           ?? 0Bh
8c0f1b19  42           ?? 42h    B
8c0f1b1a  00           ?? 00h
8c0f1b1b  e5           ?? E5h
8c0f1b1c  ef           ?? EFh
8c0f1b1d  54           ?? 54h    T
8c0f1b1e  12           ?? 12h
8c0f1b1f  d2           ?? D2h
8c0f1b20  0b           ?? 0Bh
8c0f1b21  42           ?? 42h    B
8c0f1b22  00           ?? 00h
8c0f1b23  e5           ?? E5h
8c0f1b24  5e           ?? 5Eh    ^
8c0f1b25  af           ?? AFh
8c0f1b26  09           ?? 09h
8c0f1b27  00           ?? 00h
8c0f1b28  c2 af 0a 8c  addr 8c0aafc2
8c0f1b2c  da 04 13 8c  addr 8c1304da
8c0f1b30  ea 03 13 8c  addr 8c1303ea
8c0f1b34  c4 05 13 8c  addr 8c1305c4
8c0f1b38  06 06 13 8c  addr 8c130606
8c0f1b3c  c4 08 13 8c  addr 8c1308c4
8c0f1b40  a0 09 13 8c  addr 8c1309a0
8c0f1b44  e0 0b 13 8c  addr 8c130be0
8c0f1b48  3c 0d 13 8c  addr 8c130d3c
8c0f1b4c  b8 ac 18 8c  addr 8c18acb8
8c0f1b50  46 0f 13 8c  addr 8c130f46
8c0f1b54  dc 12 13 8c  addr 8c1312dc
8c0f1b58  00 13 13 8c  addr 8c131300
8c0f1b5c  24 13 13 8c  addr 8c131324
8c0f1b60  da 13 13 8c  addr 8c1313da
8c0f1b64  00 14 13 8c  addr 8c131400
8c0f1b68  44 16 13 8c  addr 8c131644
8c0f1b6c  f2           ?? F2h
8c0f1b6d  6e           ?? 6Eh    n
8c0f1b6e  00           ?? 00h
8c0f1b6f  e6           ?? E6h
8c0f1b70  59           ?? 59h    Y
8c0f1b71  dd           ?? DDh
8c0f1b72  ee           ?? EEh
8c0f1b73  52           ?? 52h    R
8c0f1b74  61           ?? 61h    a
8c0f1b75  12           ?? 12h
8c0f1b76  62           ?? 62h    b
8c0f1b77  12           ?? 12h
8c0f1b78  63           ?? 63h    c
8c0f1b79  12           ?? 12h
8c0f1b7a  64           ?? 64h    d
8c0f1b7b  12           ?? 12h
8c0f1b7c  65           ?? 65h    e
8c0f1b7d  12           ?? 12h
8c0f1b7e  66           ?? 66h    f
8c0f1b7f  12           ?? 12h
8c0f1b80  67           ?? 67h    g
8c0f1b81  12           ?? 12h
8c0f1b82  68           ?? 68h    h
8c0f1b83  12           ?? 12h
8c0f1b84  69           ?? 69h    i
8c0f1b85  12           ?? 12h
8c0f1b86  6a           ?? 6Ah    j
8c0f1b87  12           ?? 12h
8c0f1b88  6b           ?? 6Bh    k
8c0f1b89  12           ?? 12h
8c0f1b8a  6c           ?? 6Ch    l
8c0f1b8b  12           ?? 12h
8c0f1b8c  6d           ?? 6Dh    m
8c0f1b8d  12           ?? 12h
8c0f1b8e  6e           ?? 6Eh    n
8c0f1b8f  12           ?? 12h
8c0f1b90  6f           ?? 6Fh    o
8c0f1b91  12           ?? 12h
8c0f1b92  52           ?? 52h    R
8c0f1b93  d2           ?? D2h
8c0f1b94  0b           ?? 0Bh
8c0f1b95  42           ?? 42h    B
8c0f1b96  eb           ?? EBh
8c0f1b97  54           ?? 54h    T
8c0f1b98  ef           ?? EFh
8c0f1b99  54           ?? 54h    T
8c0f1b9a  51           ?? 51h    Q
8c0f1b9b  d2           ?? D2h
8c0f1b9c  0b           ?? 0Bh
8c0f1b9d  42           ?? 42h    B
8c0f1b9e  01           ?? 01h
8c0f1b9f  e5           ?? E5h
8c0f1ba0  ef           ?? EFh
8c0f1ba1  54           ?? 54h    T
8c0f1ba2  00           ?? 00h
8c0f1ba3  e5           ?? E5h
8c0f1ba4  0b           ?? 0Bh
8c0f1ba5  4d           ?? 4Dh    M
8c0f1ba6  00           ?? 00h
8c0f1ba7  e6           ?? E6h
8c0f1ba8  ef           ?? EFh
8c0f1ba9  54           ?? 54h    T
8c0f1baa  01           ?? 01h
8c0f1bab  e5           ?? E5h
8c0f1bac  0b           ?? 0Bh
8c0f1bad  4d           ?? 4Dh    M
8c0f1bae  00           ?? 00h
8c0f1baf  e6           ?? E6h
8c0f1bb0  ef           ?? EFh
8c0f1bb1  54           ?? 54h    T
8c0f1bb2  02           ?? 02h
8c0f1bb3  e5           ?? E5h
8c0f1bb4  0b           ?? 0Bh
8c0f1bb5  4d           ?? 4Dh    M
8c0f1bb6  00           ?? 00h
8c0f1bb7  e6           ?? E6h
8c0f1bb8  ef           ?? EFh
8c0f1bb9  54           ?? 54h    T
8c0f1bba  4a           ?? 4Ah    J
8c0f1bbb  d2           ?? D2h
8c0f1bbc  4a           ?? 4Ah    J
8c0f1bbd  dd           ?? DDh
8c0f1bbe  0b           ?? 0Bh
8c0f1bbf  42           ?? 42h    B
8c0f1bc0  01           ?? 01h
8c0f1bc1  e5           ?? E5h
8c0f1bc2  ef           ?? EFh
8c0f1bc3  54           ?? 54h    T
8c0f1bc4  49           ?? 49h    I
8c0f1bc5  d2           ?? D2h
8c0f1bc6  0b           ?? 0Bh
8c0f1bc7  42           ?? 42h    B
8c0f1bc8  01           ?? 01h
8c0f1bc9  e5           ?? E5h
8c0f1bca  ef           ?? EFh
8c0f1bcb  54           ?? 54h    T
8c0f1bcc  48           ?? 48h    H
8c0f1bcd  d2           ?? D2h
8c0f1bce  0b           ?? 0Bh
8c0f1bcf  42           ?? 42h    B
8c0f1bd0  00           ?? 00h
8c0f1bd1  e5           ?? E5h
8c0f1bd2  ef           ?? EFh
8c0f1bd3  54           ?? 54h    T
8c0f1bd4  47           ?? 47h    G
8c0f1bd5  d2           ?? D2h
8c0f1bd6  0b           ?? 0Bh
8c0f1bd7  42           ?? 42h    B
8c0f1bd8  00           ?? 00h
8c0f1bd9  e5           ?? E5h
8c0f1bda  ef           ?? EFh
8c0f1bdb  54           ?? 54h    T
8c0f1bdc  00           ?? 00h
8c0f1bdd  e6           ?? E6h
8c0f1bde  46           ?? 46h    F
8c0f1bdf  d2           ?? D2h
8c0f1be0  01           ?? 01h
8c0f1be1  e7           ?? E7h
8c0f1be2  0b           ?? 0Bh
8c0f1be3  42           ?? 42h    B
8c0f1be4  d3           ?? D3h
8c0f1be5  65           ?? 65h    e
8c0f1be6  ef           ?? EFh
8c0f1be7  54           ?? 54h    T
8c0f1be8  44           ?? 44h    D
8c0f1be9  d2           ?? D2h
8c0f1bea  0b           ?? 0Bh
8c0f1beb  42           ?? 42h    B
8c0f1bec  d3           ?? D3h
8c0f1bed  65           ?? 65h    e
8c0f1bee  ef           ?? EFh
8c0f1bef  54           ?? 54h    T
8c0f1bf0  43           ?? 43h    C
8c0f1bf1  d2           ?? D2h
8c0f1bf2  0b           ?? 0Bh
8c0f1bf3  42           ?? 42h    B
8c0f1bf4  d3           ?? D3h
8c0f1bf5  65           ?? 65h    e
8c0f1bf6  ef           ?? EFh
8c0f1bf7  54           ?? 54h    T
8c0f1bf8  42           ?? 42h    B
8c0f1bf9  d2           ?? D2h
8c0f1bfa  0b           ?? 0Bh
8c0f1bfb  42           ?? 42h    B
8c0f1bfc  01           ?? 01h
8c0f1bfd  e5           ?? E5h
8c0f1bfe  42           ?? 42h    B
8c0f1bff  d2           ?? D2h
8c0f1c00  0b           ?? 0Bh
8c0f1c01  42           ?? 42h    B
8c0f1c02  ef           ?? EFh
8c0f1c03  54           ?? 54h    T
8c0f1c04  ef           ?? EFh
8c0f1c05  54           ?? 54h    T
8c0f1c06  41           ?? 41h    A
8c0f1c07  d2           ?? D2h
8c0f1c08  0b           ?? 0Bh
8c0f1c09  42           ?? 42h    B
8c0f1c0a  00           ?? 00h
8c0f1c0b  e5           ?? E5h
8c0f1c0c  ef           ?? EFh
8c0f1c0d  54           ?? 54h    T
8c0f1c0e  40           ?? 40h    @
8c0f1c0f  d2           ?? D2h
8c0f1c10  0b           ?? 0Bh
8c0f1c11  42           ?? 42h    B
8c0f1c12  01           ?? 01h
8c0f1c13  e5           ?? E5h
8c0f1c14  e6           ?? E6h
8c0f1c15  ae           ?? AEh
8c0f1c16  09           ?? 09h
8c0f1c17  00           ?? 00h
8c0f1c18  3e           ?? 3Eh    >
8c0f1c19  d2           ?? D2h
8c0f1c1a  f2           ?? F2h
8c0f1c1b  6e           ?? 6Eh    n
8c0f1c1c  28           ?? 28h    (
8c0f1c1d  f8           ?? F8h
8c0f1c1e  59           ?? 59h    Y
8c0f1c1f  90           ?? 90h
8c0f1c20  eb           ?? EBh
8c0f1c21  54           ?? 54h    T
8c0f1c22  3d           ?? 3Dh    =
8c0f1c23  d2           ?? D2h
8c0f1c24  0b           ?? 0Bh
8c0f1c25  42           ?? 42h    B
8c0f1c26  87           ?? 87h
8c0f1c27  fe           ?? FEh
8c0f1c28  3c           ?? 3Ch    <
8c0f1c29  d2           ?? D2h
8c0f1c2a  2b           ?? 2Bh    +
8c0f1c2b  dd           ?? DDh
8c0f1c2c  0b           ?? 0Bh
8c0f1c2d  42           ?? 42h    B
8c0f1c2e  eb           ?? EBh
8c0f1c2f  54           ?? 54h    T
8c0f1c30  64           ?? 64h    d
8c0f1c31  e0           ?? E0h
8c0f1c32  2d           ?? 2Dh    -
8c0f1c33  d5           ?? D5h
8c0f1c34  3a           ?? 3Ah    :
8c0f1c35  d2           ?? D2h
8c0f1c36  0b           ?? 0Bh
8c0f1c37  42           ?? 42h    B
8c0f1c38  ee           ?? EEh
8c0f1c39  04           ?? 04h
8c0f1c3a  00           ?? 00h
8c0f1c3b  e2           ?? E2h
8c0f1c3c  ef           ?? EFh
8c0f1c3d  54           ?? 54h    T
8c0f1c3e  7c           ?? 7Ch    |
8c0f1c3f  e0           ?? E0h
8c0f1c40  26           ?? 26h    &
8c0f1c41  0e           ?? 0Eh
8c0f1c42  27           ?? 27h    '
8c0f1c43  d2           ?? D2h
8c0f1c44  0b           ?? 0Bh
8c0f1c45  42           ?? 42h    B
8c0f1c46  01           ?? 01h
8c0f1c47  e5           ?? E5h
8c0f1c48  ef           ?? EFh
8c0f1c49  54           ?? 54h    T
8c0f1c4a  00           ?? 00h
8c0f1c4b  e5           ?? E5h
8c0f1c4c  0b           ?? 0Bh
8c0f1c4d  4d           ?? 4Dh    M
8c0f1c4e  01           ?? 01h
8c0f1c4f  e6           ?? E6h
8c0f1c50  ef           ?? EFh
8c0f1c51  54           ?? 54h    T
8c0f1c52  01           ?? 01h
8c0f1c53  e5           ?? E5h
8c0f1c54  0b           ?? 0Bh
8c0f1c55  4d           ?? 4Dh    M
8c0f1c56  00           ?? 00h
8c0f1c57  e6           ?? E6h
8c0f1c58  ef           ?? EFh
8c0f1c59  54           ?? 54h    T
8c0f1c5a  02           ?? 02h
8c0f1c5b  e5           ?? E5h
8c0f1c5c  0b           ?? 0Bh
8c0f1c5d  4d           ?? 4Dh    M
8c0f1c5e  01           ?? 01h
8c0f1c5f  e6           ?? E6h
8c0f1c60  f2           ?? F2h
8c0f1c61  6e           ?? 6Eh    n
8c0f1c62  01           ?? 01h
8c0f1c63  e5           ?? E5h
8c0f1c64  1f           ?? 1Fh
8c0f1c65  d2           ?? D2h
8c0f1c66  20           ?? 20h     
8c0f1c67  dd           ?? DDh
8c0f1c68  0b           ?? 0Bh
8c0f1c69  42           ?? 42h    B
8c0f1c6a  ef           ?? EFh
8c0f1c6b  54           ?? 54h    T
8c0f1c6c  ef           ?? EFh
8c0f1c6d  54           ?? 54h    T
8c0f1c6e  1f           ?? 1Fh
8c0f1c6f  d2           ?? D2h
8c0f1c70  0b           ?? 0Bh
8c0f1c71  42           ?? 42h    B
8c0f1c72  01           ?? 01h
8c0f1c73  e5           ?? E5h
8c0f1c74  ef           ?? EFh
8c0f1c75  54           ?? 54h    T
8c0f1c76  2b           ?? 2Bh    +
8c0f1c77  d2           ?? D2h
8c0f1c78  0b           ?? 0Bh
8c0f1c79  42           ?? 42h    B
8c0f1c7a  05           ?? 05h
8c0f1c7b  e5           ?? E5h
8c0f1c7c  ef           ?? EFh
8c0f1c7d  54           ?? 54h    T
8c0f1c7e  2a           ?? 2Ah    *
8c0f1c7f  d2           ?? D2h
8c0f1c80  0b           ?? 0Bh
8c0f1c81  42           ?? 42h    B
8c0f1c82  04           ?? 04h
8c0f1c83  e5           ?? E5h
8c0f1c84  ef           ?? EFh
8c0f1c85  54           ?? 54h    T
8c0f1c86  1a           ?? 1Ah
8c0f1c87  d2           ?? D2h
8c0f1c88  0b           ?? 0Bh
8c0f1c89  42           ?? 42h    B
8c0f1c8a  01           ?? 01h
8c0f1c8b  e5           ?? E5h
8c0f1c8c  ef           ?? EFh
8c0f1c8d  54           ?? 54h    T
8c0f1c8e  19           ?? 19h
8c0f1c8f  d2           ?? D2h
8c0f1c90  0b           ?? 0Bh
8c0f1c91  42           ?? 42h    B
8c0f1c92  00           ?? 00h
8c0f1c93  e5           ?? E5h
8c0f1c94  ef           ?? EFh
8c0f1c95  54           ?? 54h    T
8c0f1c96  00           ?? 00h
8c0f1c97  e6           ?? E6h
8c0f1c98  17           ?? 17h
8c0f1c99  d2           ?? D2h
8c0f1c9a  01           ?? 01h
8c0f1c9b  e7           ?? E7h
8c0f1c9c  0b           ?? 0Bh
8c0f1c9d  42           ?? 42h    B
8c0f1c9e  d3           ?? D3h
8c0f1c9f  65           ?? 65h    e
8c0f1ca0  ef           ?? EFh
8c0f1ca1  54           ?? 54h    T
8c0f1ca2  16           ?? 16h
8c0f1ca3  d2           ?? D2h
8c0f1ca4  0b           ?? 0Bh
8c0f1ca5  42           ?? 42h    B
8c0f1ca6  d3           ?? D3h
8c0f1ca7  65           ?? 65h    e
8c0f1ca8  ef           ?? EFh
8c0f1ca9  54           ?? 54h    T
8c0f1caa  15           ?? 15h
8c0f1cab  d2           ?? D2h
8c0f1cac  0b           ?? 0Bh
8c0f1cad  42           ?? 42h    B
8c0f1cae  d3           ?? D3h
8c0f1caf  65           ?? 65h    e
8c0f1cb0  ef           ?? EFh
8c0f1cb1  54           ?? 54h    T
8c0f1cb2  14           ?? 14h
8c0f1cb3  d2           ?? D2h
8c0f1cb4  0b           ?? 0Bh
8c0f1cb5  42           ?? 42h    B
8c0f1cb6  01           ?? 01h
8c0f1cb7  e5           ?? E5h
8c0f1cb8  f2           ?? F2h
8c0f1cb9  6e           ?? 6Eh    n
8c0f1cba  13           ?? 13h
8c0f1cbb  d2           ?? D2h
8c0f1cbc  0b           ?? 0Bh
8c0f1cbd  42           ?? 42h    B
8c0f1cbe  ef           ?? EFh
8c0f1cbf  54           ?? 54h    T
8c0f1cc0  ef           ?? EFh
8c0f1cc1  54           ?? 54h    T
8c0f1cc2  12           ?? 12h
8c0f1cc3  d2           ?? D2h
8c0f1cc4  0b           ?? 0Bh
8c0f1cc5  42           ?? 42h    B
8c0f1cc6  00           ?? 00h
8c0f1cc7  e5           ?? E5h
8c0f1cc8  ef           ?? EFh
8c0f1cc9  54           ?? 54h    T
8c0f1cca  11           ?? 11h
8c0f1ccb  d2           ?? D2h
8c0f1ccc  0b           ?? 0Bh
8c0f1ccd  42           ?? 42h    B
8c0f1cce  00           ?? 00h
8c0f1ccf  e5           ?? E5h
8c0f1cd0  88           ?? 88h
8c0f1cd1  ae           ?? AEh
8c0f1cd2  09           ?? 09h
8c0f1cd3  00           ?? 00h
8c0f1cd4  a4           ?? A4h
8c0f1cd5  00           ?? 00h
8c0f1cd6  00           ?? 00h
8c0f1cd7  00           ?? 00h
8c0f1cd8  da 04 13 8c  addr 8c1304da
8c0f1cdc  c2 af 0a 8c  addr 8c0aafc2
8c0f1ce0  ea 03 13 8c  addr 8c1303ea
8c0f1ce4  c4 05 13 8c  addr 8c1305c4
8c0f1ce8  b8 ac 18 8c  addr 8c18acb8
8c0f1cec  06 06 13 8c  addr 8c130606
8c0f1cf0  e0 0b 13 8c  addr 8c130be0
8c0f1cf4  3c 0d 13 8c  addr 8c130d3c
8c0f1cf8  46 0f 13 8c  addr 8c130f46
8c0f1cfc  dc 12 13 8c  addr 8c1312dc
8c0f1d00  00 13 13 8c  addr 8c131300
8c0f1d04  24 13 13 8c  addr 8c131324
8c0f1d08  da 13 13 8c  addr 8c1313da
8c0f1d0c  00 14 13 8c  addr 8c131400
8c0f1d10  44 16 13 8c  addr 8c131644
8c0f1d14  4c ae 18 8c  addr 8c18ae4c
8c0f1d18  44 af 0a 8c  addr 8c0aaf44
8c0f1d1c  68 af 0a 8c  addr 8c0aaf68
8c0f1d20  32 a8 0f 8c  addr 8c0fa832
8c0f1d24  c4 08 13 8c  addr 8c1308c4
8c0f1d28  a0 09 13 8c  addr 8c1309a0
8c0f1d2c  f2           ?? F2h
8c0f1d2d  6e           ?? 6Eh    n
8c0f1d2e  2f           ?? 2Fh    /
8c0f1d2f  d2           ?? D2h
8c0f1d30  2f           ?? 2Fh    /
8c0f1d31  dd           ?? DDh
8c0f1d32  0b           ?? 0Bh
8c0f1d33  42           ?? 42h    B
8c0f1d34  eb           ?? EBh
8c0f1d35  54           ?? 54h    T
8c0f1d36  ef           ?? EFh
8c0f1d37  54           ?? 54h    T
8c0f1d38  2e           ?? 2Eh    .
8c0f1d39  d2           ?? D2h
8c0f1d3a  0b           ?? 0Bh
8c0f1d3b  42           ?? 42h    B
8c0f1d3c  00           ?? 00h
8c0f1d3d  e5           ?? E5h
8c0f1d3e  ef           ?? EFh
8c0f1d3f  54           ?? 54h    T
8c0f1d40  00           ?? 00h
8c0f1d41  e5           ?? E5h
8c0f1d42  0b           ?? 0Bh
8c0f1d43  4d           ?? 4Dh    M
8c0f1d44  00           ?? 00h
8c0f1d45  e6           ?? E6h
8c0f1d46  ef           ?? EFh
8c0f1d47  54           ?? 54h    T
8c0f1d48  01           ?? 01h
8c0f1d49  e5           ?? E5h
8c0f1d4a  0b           ?? 0Bh
8c0f1d4b  4d           ?? 4Dh    M
8c0f1d4c  00           ?? 00h
8c0f1d4d  e6           ?? E6h
8c0f1d4e  ef           ?? EFh
8c0f1d4f  54           ?? 54h    T
8c0f1d50  02           ?? 02h
8c0f1d51  e5           ?? E5h
8c0f1d52  0b           ?? 0Bh
8c0f1d53  4d           ?? 4Dh    M
8c0f1d54  00           ?? 00h
8c0f1d55  e6           ?? E6h
8c0f1d56  ef           ?? EFh
8c0f1d57  54           ?? 54h    T
8c0f1d58  27           ?? 27h    '
8c0f1d59  d2           ?? D2h
8c0f1d5a  0b           ?? 0Bh
8c0f1d5b  42           ?? 42h    B
8c0f1d5c  00           ?? 00h
8c0f1d5d  e5           ?? E5h
8c0f1d5e  ef           ?? EFh
8c0f1d5f  54           ?? 54h    T
8c0f1d60  26           ?? 26h    &
8c0f1d61  d2           ?? D2h
8c0f1d62  0b           ?? 0Bh
8c0f1d63  42           ?? 42h    B
8c0f1d64  00           ?? 00h
8c0f1d65  e5           ?? E5h
8c0f1d66  ef           ?? EFh
8c0f1d67  54           ?? 54h    T
8c0f1d68  25           ?? 25h    %
8c0f1d69  d2           ?? D2h
8c0f1d6a  0b           ?? 0Bh
8c0f1d6b  42           ?? 42h    B
8c0f1d6c  00           ?? 00h
