; range: 8c0e1b40 - 8c0e1e20

8c0e1b40  ea           ?? EAh
8c0e1b41  52           ?? 52h    R
8c0e1b42  e3           ?? E3h
8c0e1b43  64           ?? 64h    d
8c0e1b44  60           ?? 60h    `
8c0e1b45  72           ?? 72h    r
8c0e1b46  22           ?? 22h    "
8c0e1b47  66           ?? 66h    f
8c0e1b48  22           ?? 22h    "
8c0e1b49  55           ?? 55h    U
8c0e1b4a  19           ?? 19h
8c0e1b4b  d2           ?? D2h
8c0e1b4c  6c           ?? 6Ch    l
8c0e1b4d  34           ?? 34h    4
8c0e1b4e  0b           ?? 0Bh
8c0e1b4f  45           ?? 45h    E
8c0e1b50  22           ?? 22h    "
8c0e1b51  2f           ?? 2Fh    /
8c0e1b52  15           ?? 15h
8c0e1b53  d2           ?? D2h
8c0e1b54  0b           ?? 0Bh
8c0e1b55  42           ?? 42h    B
8c0e1b56  ed           ?? EDh
8c0e1b57  54           ?? 54h    T
8c0e1b58  39           ?? 39h    9
8c0e1b59  ae           ?? AEh
8c0e1b5a  09           ?? 09h
8c0e1b5b  00           ?? 00h
8c0e1b5c  0b           ?? 0Bh
8c0e1b5d  00           ?? 00h
8c0e1b5e  09           ?? 09h
8c0e1b5f  00           ?? 00h
8c0e1b60  0b           ?? 0Bh
8c0e1b61  00           ?? 00h
8c0e1b62  09           ?? 09h
8c0e1b63  00           ?? 00h
8c0e1b64  0b           ?? 0Bh
8c0e1b65  00           ?? 00h
8c0e1b66  09           ?? 09h
8c0e1b67  00           ?? 00h
8c0e1b68  e6           ?? E6h
8c0e1b69  2f           ?? 2Fh    /
8c0e1b6a  22           ?? 22h    "
8c0e1b6b  4f           ?? 4Fh    O
8c0e1b6c  fc           ?? FCh
8c0e1b6d  7f           ?? 7Fh    
8c0e1b6e  4d           ?? 4Dh    M
8c0e1b6f  52           ?? 52h    R
8c0e1b70  40           ?? 40h    @
8c0e1b71  e0           ?? E0h
8c0e1b72  2e           ?? 2Eh    .
8c0e1b73  06           ?? 06h
8c0e1b74  68           ?? 68h    h
8c0e1b75  26           ?? 26h    &
8c0e1b76  1d           ?? 1Dh
8c0e1b77  8d           ?? 8Dh
8c0e1b78  43           ?? 43h    C
8c0e1b79  6e           ?? 6Eh    n
8c0e1b7a  63           ?? 63h    c
8c0e1b7b  60           ?? 60h    `
8c0e1b7c  11           ?? 11h
8c0e1b7d  88           ?? 88h
8c0e1b7e  30           ?? 30h    0
8c0e1b7f  89           ?? 89h
8c0e1b80  63           ?? 63h    c
8c0e1b81  60           ?? 60h    `
8c0e1b82  12           ?? 12h
8c0e1b83  88           ?? 88h
8c0e1b84  3e           ?? 3Eh    >
8c0e1b85  89           ?? 89h
8c0e1b86  63           ?? 63h    c
8c0e1b87  60           ?? 60h    `
8c0e1b88  13           ?? 13h
8c0e1b89  88           ?? 88h
8c0e1b8a  49           ?? 49h    I
8c0e1b8b  89           ?? 89h
8c0e1b8c  04           ?? 04h
8c0e1b8d  7f           ?? 7Fh    
8c0e1b8e  26           ?? 26h    &
8c0e1b8f  4f           ?? 4Fh    O
8c0e1b90  0b           ?? 0Bh
8c0e1b91  00           ?? 00h
8c0e1b92  f6           ?? F6h
8c0e1b93  6e           ?? 6Eh    n
8c0e1b94  44           ?? 44h    D
8c0e1b95  02           ?? 02h
8c0e1b96  00           ?? 00h
8c0e1b97  00           ?? 00h
8c0e1b98  46 a1 0e 8c  addr 8c0ea146
8c0e1b9c  48 8d 18 8c  addr 8c188d48
8c0e1ba0  20 8d 18 8c  addr 8c188d20
8c0e1ba4  64 8a 18 8c  addr 8c188a64
8c0e1ba8  fc 9b 0e 8c  addr 8c0e9bfc
8c0e1bac  34 8a 18 8c  addr 8c188a34
8c0e1bb0  08 8a 18 8c  addr 8c188a08
8c0e1bb4  ea           ?? EAh
8c0e1bb5  52           ?? 52h    R
8c0e1bb6  e3           ?? E3h
8c0e1bb7  64           ?? 64h    d
8c0e1bb8  60           ?? 60h    `
8c0e1bb9  72           ?? 72h    r
8c0e1bba  22           ?? 22h    "
8c0e1bbb  66           ?? 66h    f
8c0e1bbc  22           ?? 22h    "
8c0e1bbd  55           ?? 55h    U
8c0e1bbe  52           ?? 52h    R
8c0e1bbf  d2           ?? D2h
8c0e1bc0  6c           ?? 6Ch    l
8c0e1bc1  34           ?? 34h    4
8c0e1bc2  0b           ?? 0Bh
8c0e1bc3  45           ?? 45h    E
8c0e1bc4  22           ?? 22h    "
8c0e1bc5  2f           ?? 2Fh    /
8c0e1bc6  ed           ?? EDh
8c0e1bc7  54           ?? 54h    T
8c0e1bc8  48           ?? 48h    H
8c0e1bc9  24           ?? 24h    $
8c0e1bca  df           ?? DFh
8c0e1bcb  89           ?? 89h
8c0e1bcc  4f           ?? 4Fh    O
8c0e1bcd  d2           ?? D2h
8c0e1bce  0b           ?? 0Bh
8c0e1bcf  42           ?? 42h    B
8c0e1bd0  09           ?? 09h
8c0e1bd1  00           ?? 00h
8c0e1bd2  4f           ?? 4Fh    O
8c0e1bd3  d2           ?? D2h
8c0e1bd4  0b           ?? 0Bh
8c0e1bd5  42           ?? 42h    B
8c0e1bd6  ed           ?? EDh
8c0e1bd7  54           ?? 54h    T
8c0e1bd8  93           ?? 93h
8c0e1bd9  90           ?? 90h
8c0e1bda  01           ?? 01h
8c0e1bdb  e3           ?? E3h
8c0e1bdc  36           ?? 36h    6
8c0e1bdd  0e           ?? 0Eh
8c0e1bde  d5           ?? D5h
8c0e1bdf  af           ?? AFh
8c0e1be0  09           ?? 09h
8c0e1be1  00           ?? 00h
8c0e1be2  ea           ?? EAh
8c0e1be3  52           ?? 52h    R
8c0e1be4  e3           ?? E3h
8c0e1be5  64           ?? 64h    d
8c0e1be6  60           ?? 60h    `
8c0e1be7  72           ?? 72h    r
8c0e1be8  22           ?? 22h    "
8c0e1be9  66           ?? 66h    f
8c0e1bea  22           ?? 22h    "
8c0e1beb  55           ?? 55h    U
8c0e1bec  49           ?? 49h    I
8c0e1bed  d2           ?? D2h
8c0e1bee  6c           ?? 6Ch    l
8c0e1bef  34           ?? 34h    4
8c0e1bf0  0b           ?? 0Bh
8c0e1bf1  45           ?? 45h    E
8c0e1bf2  22           ?? 22h    "
8c0e1bf3  2f           ?? 2Fh    /
8c0e1bf4  48           ?? 48h    H
8c0e1bf5  d2           ?? D2h
8c0e1bf6  0b           ?? 0Bh
8c0e1bf7  42           ?? 42h    B
8c0e1bf8  ed           ?? EDh
8c0e1bf9  54           ?? 54h    T
8c0e1bfa  82           ?? 82h
8c0e1bfb  90           ?? 90h
8c0e1bfc  02           ?? 02h
8c0e1bfd  e3           ?? E3h
8c0e1bfe  36           ?? 36h    6
8c0e1bff  0e           ?? 0Eh
8c0e1c00  c4           ?? C4h
8c0e1c01  af           ?? AFh
8c0e1c02  09           ?? 09h
8c0e1c03  00           ?? 00h
8c0e1c04  ea           ?? EAh
8c0e1c05  52           ?? 52h    R
8c0e1c06  e3           ?? E3h
8c0e1c07  64           ?? 64h    d
8c0e1c08  60           ?? 60h    `
8c0e1c09  72           ?? 72h    r
8c0e1c0a  22           ?? 22h    "
8c0e1c0b  66           ?? 66h    f
8c0e1c0c  22           ?? 22h    "
8c0e1c0d  55           ?? 55h    U
8c0e1c0e  43           ?? 43h    C
8c0e1c0f  d2           ?? D2h
8c0e1c10  6c           ?? 6Ch    l
8c0e1c11  34           ?? 34h    4
8c0e1c12  0b           ?? 0Bh
8c0e1c13  45           ?? 45h    E
8c0e1c14  22           ?? 22h    "
8c0e1c15  2f           ?? 2Fh    /
8c0e1c16  74           ?? 74h    t
8c0e1c17  90           ?? 90h
8c0e1c18  05           ?? 05h
8c0e1c19  e3           ?? E3h
8c0e1c1a  36           ?? 36h    6
8c0e1c1b  0e           ?? 0Eh
8c0e1c1c  b6           ?? B6h
8c0e1c1d  af           ?? AFh
8c0e1c1e  09           ?? 09h
8c0e1c1f  00           ?? 00h
8c0e1c20  ea           ?? EAh
8c0e1c21  52           ?? 52h    R
8c0e1c22  e3           ?? E3h
8c0e1c23  64           ?? 64h    d
8c0e1c24  60           ?? 60h    `
8c0e1c25  72           ?? 72h    r
8c0e1c26  22           ?? 22h    "
8c0e1c27  66           ?? 66h    f
8c0e1c28  22           ?? 22h    "
8c0e1c29  55           ?? 55h    U
8c0e1c2a  3d           ?? 3Dh    =
8c0e1c2b  d2           ?? D2h
8c0e1c2c  6c           ?? 6Ch    l
8c0e1c2d  34           ?? 34h    4
8c0e1c2e  0b           ?? 0Bh
8c0e1c2f  45           ?? 45h    E
8c0e1c30  22           ?? 22h    "
8c0e1c31  2f           ?? 2Fh    /
8c0e1c32  39           ?? 39h    9
8c0e1c33  d2           ?? D2h
8c0e1c34  0b           ?? 0Bh
8c0e1c35  42           ?? 42h    B
8c0e1c36  ed           ?? EDh
8c0e1c37  54           ?? 54h    T
8c0e1c38  63           ?? 63h    c
8c0e1c39  90           ?? 90h
8c0e1c3a  02           ?? 02h
8c0e1c3b  e3           ?? E3h
8c0e1c3c  36           ?? 36h    6
8c0e1c3d  0e           ?? 0Eh
8c0e1c3e  a5           ?? A5h
8c0e1c3f  af           ?? AFh
8c0e1c40  09           ?? 09h
8c0e1c41  00           ?? 00h
8c0e1c42  e6           ?? E6h
8c0e1c43  2f           ?? 2Fh    /
8c0e1c44  22           ?? 22h    "
8c0e1c45  4f           ?? 4Fh    O
8c0e1c46  f8           ?? F8h
8c0e1c47  7f           ?? 7Fh    
8c0e1c48  43           ?? 43h    C
8c0e1c49  6e           ?? 6Eh    n
8c0e1c4a  36           ?? 36h    6
8c0e1c4b  d2           ?? D2h
8c0e1c4c  0b           ?? 0Bh
8c0e1c4d  42           ?? 42h    B
8c0e1c4e  4d           ?? 4Dh    M
8c0e1c4f  54           ?? 54h    T
8c0e1c50  ee           ?? EEh
8c0e1c51  52           ?? 52h    R
8c0e1c52  02           ?? 02h
8c0e1c53  65           ?? 65h    e
8c0e1c54  40           ?? 40h    @
8c0e1c55  e0           ?? E0h
8c0e1c56  2e           ?? 2Eh    .
8c0e1c57  06           ?? 06h
8c0e1c58  63           ?? 63h    c
8c0e1c59  60           ?? 60h    `
8c0e1c5a  02           ?? 02h
8c0e1c5b  88           ?? 88h
8c0e1c5c  42           ?? 42h    B
8c0e1c5d  89           ?? 89h
8c0e1c5e  63           ?? 63h    c
8c0e1c5f  60           ?? 60h    `
8c0e1c60  03           ?? 03h
8c0e1c61  88           ?? 88h
8c0e1c62  49           ?? 49h    I
8c0e1c63  89           ?? 89h
8c0e1c64  63           ?? 63h    c
8c0e1c65  60           ?? 60h    `
8c0e1c66  05           ?? 05h
8c0e1c67  88           ?? 88h
8c0e1c68  37           ?? 37h    7
8c0e1c69  89           ?? 89h
8c0e1c6a  63           ?? 63h    c
8c0e1c6b  60           ?? 60h    `
8c0e1c6c  06           ?? 06h
8c0e1c6d  88           ?? 88h
8c0e1c6e  43           ?? 43h    C
8c0e1c6f  89           ?? 89h
8c0e1c70  63           ?? 63h    c
8c0e1c71  60           ?? 60h    `
8c0e1c72  08           ?? 08h
8c0e1c73  88           ?? 88h
8c0e1c74  3b           ?? 3Bh    ;
8c0e1c75  89           ?? 89h
8c0e1c76  63           ?? 63h    c
8c0e1c77  60           ?? 60h    `
8c0e1c78  09           ?? 09h
8c0e1c79  88           ?? 88h
8c0e1c7a  3d           ?? 3Dh    =
8c0e1c7b  89           ?? 89h
8c0e1c7c  63           ?? 63h    c
8c0e1c7d  60           ?? 60h    `
8c0e1c7e  11           ?? 11h
8c0e1c7f  88           ?? 88h
8c0e1c80  09           ?? 09h
8c0e1c81  89           ?? 89h
8c0e1c82  63           ?? 63h    c
8c0e1c83  60           ?? 60h    `
8c0e1c84  12           ?? 12h
8c0e1c85  88           ?? 88h
8c0e1c86  0b           ?? 0Bh
8c0e1c87  89           ?? 89h
8c0e1c88  63           ?? 63h    c
8c0e1c89  60           ?? 60h    `
8c0e1c8a  13           ?? 13h
8c0e1c8b  88           ?? 88h
8c0e1c8c  17           ?? 17h
8c0e1c8d  89           ?? 89h
8c0e1c8e  08           ?? 08h
8c0e1c8f  7f           ?? 7Fh    
8c0e1c90  26           ?? 26h    &
8c0e1c91  4f           ?? 4Fh    O
8c0e1c92  0b           ?? 0Bh
8c0e1c93  00           ?? 00h
8c0e1c94  f6           ?? F6h
8c0e1c95  6e           ?? 6Eh    n
8c0e1c96  35           ?? 35h    5
8c0e1c97  90           ?? 90h
8c0e1c98  02           ?? 02h
8c0e1c99  e3           ?? E3h
8c0e1c9a  36           ?? 36h    6
8c0e1c9b  0e           ?? 0Eh
8c0e1c9c  f7           ?? F7h
8c0e1c9d  af           ?? AFh
8c0e1c9e  09           ?? 09h
8c0e1c9f  00           ?? 00h
8c0e1ca0  ea           ?? EAh
8c0e1ca1  52           ?? 52h    R
8c0e1ca2  e3           ?? E3h
8c0e1ca3  64           ?? 64h    d
8c0e1ca4  51           ?? 51h    Q
8c0e1ca5  1f           ?? 1Fh
8c0e1ca6  60           ?? 60h    `
8c0e1ca7  72           ?? 72h    r
8c0e1ca8  22           ?? 22h    "
8c0e1ca9  66           ?? 66h    f
8c0e1caa  22           ?? 22h    "
8c0e1cab  57           ?? 57h    W
8c0e1cac  1e           ?? 1Eh
8c0e1cad  d2           ?? D2h
8c0e1cae  6c           ?? 6Ch    l
8c0e1caf  34           ?? 34h    4
8c0e1cb0  0b           ?? 0Bh
8c0e1cb1  47           ?? 47h    G
8c0e1cb2  22           ?? 22h    "
8c0e1cb3  2f           ?? 2Fh    /
8c0e1cb4  26           ?? 26h    &
8c0e1cb5  90           ?? 90h
8c0e1cb6  05           ?? 05h
8c0e1cb7  e3           ?? E3h
8c0e1cb8  36           ?? 36h    6
8c0e1cb9  0e           ?? 0Eh
8c0e1cba  e8           ?? E8h
8c0e1cbb  af           ?? AFh
8c0e1cbc  09           ?? 09h
8c0e1cbd  00           ?? 00h
8c0e1cbe  ea           ?? EAh
8c0e1cbf  52           ?? 52h    R
8c0e1cc0  e3           ?? E3h
8c0e1cc1  64           ?? 64h    d
8c0e1cc2  60           ?? 60h    `
8c0e1cc3  72           ?? 72h    r
8c0e1cc4  22           ?? 22h    "
8c0e1cc5  66           ?? 66h    f
8c0e1cc6  22           ?? 22h    "
8c0e1cc7  55           ?? 55h    U
8c0e1cc8  18           ?? 18h
8c0e1cc9  d2           ?? D2h
8c0e1cca  6c           ?? 6Ch    l
8c0e1ccb  34           ?? 34h    4
8c0e1ccc  0b           ?? 0Bh
8c0e1ccd  45           ?? 45h    E
8c0e1cce  22           ?? 22h    "
8c0e1ccf  2f           ?? 2Fh    /
8c0e1cd0  18           ?? 18h
8c0e1cd1  90           ?? 90h
8c0e1cd2  02           ?? 02h
8c0e1cd3  e3           ?? E3h
8c0e1cd4  36           ?? 36h    6
8c0e1cd5  0e           ?? 0Eh
8c0e1cd6  da           ?? DAh
8c0e1cd7  af           ?? AFh
8c0e1cd8  09           ?? 09h
8c0e1cd9  00           ?? 00h
8c0e1cda  13           ?? 13h
8c0e1cdb  90           ?? 90h
8c0e1cdc  00           ?? 00h
8c0e1cdd  e3           ?? E3h
8c0e1cde  36           ?? 36h    6
8c0e1cdf  0e           ?? 0Eh
8c0e1ce0  d5           ?? D5h
8c0e1ce1  af           ?? AFh
8c0e1ce2  09           ?? 09h
8c0e1ce3  00           ?? 00h
8c0e1ce4  0e           ?? 0Eh
8c0e1ce5  90           ?? 90h
8c0e1ce6  03           ?? 03h
8c0e1ce7  e3           ?? E3h
8c0e1ce8  36           ?? 36h    6
8c0e1ce9  0e           ?? 0Eh
8c0e1cea  d0           ?? D0h
8c0e1ceb  af           ?? AFh
8c0e1cec  09           ?? 09h
8c0e1ced  00           ?? 00h
8c0e1cee  09           ?? 09h
8c0e1cef  90           ?? 90h
8c0e1cf0  03           ?? 03h
8c0e1cf1  e3           ?? E3h
8c0e1cf2  36           ?? 36h    6
8c0e1cf3  0e           ?? 0Eh
8c0e1cf4  cb           ?? CBh
8c0e1cf5  af           ?? AFh
8c0e1cf6  09           ?? 09h
8c0e1cf7  00           ?? 00h
8c0e1cf8  04           ?? 04h
8c0e1cf9  90           ?? 90h
8c0e1cfa  05           ?? 05h
8c0e1cfb  e3           ?? E3h
8c0e1cfc  36           ?? 36h    6
8c0e1cfd  0e           ?? 0Eh
8c0e1cfe  c6           ?? C6h
8c0e1cff  af           ?? AFh
8c0e1d00  09           ?? 09h
8c0e1d01  00           ?? 00h
8c0e1d02  40           ?? 40h    @
8c0e1d03  02           ?? 02h
8c0e1d04  44           ?? 44h    D
8c0e1d05  02           ?? 02h
8c0e1d06  00           ?? 00h
8c0e1d07  00           ?? 00h
8c0e1d08  48 8c 18 8c  addr 8c188c48
8c0e1d0c  8a a0 0e 8c  addr 8c0ea08a
8c0e1d10  c0 9d 0e 8c  addr 8c0e9dc0
8c0e1d14  90 8c 18 8c  addr 8c188c90
8c0e1d18  fc 9b 0e 8c  addr 8c0e9bfc
8c0e1d1c  c4 8c 18 8c  addr 8c188cc4
8c0e1d20  e8 8c 18 8c  addr 8c188ce8
8c0e1d24  46 a1 0e 8c  addr 8c0ea146
8c0e1d28  20 8d 18 8c  addr 8c188d20
8c0e1d2c  48 8d 18 8c  addr 8c188d48
8c0e1d30  e6           ?? E6h
8c0e1d31  2f           ?? 2Fh    /
8c0e1d32  22           ?? 22h    "
8c0e1d33  4f           ?? 4Fh    O
8c0e1d34  43           ?? 43h    C
8c0e1d35  6e           ?? 6Eh    n
8c0e1d36  4e           ?? 4Eh    N
8c0e1d37  54           ?? 54h    T
8c0e1d38  40           ?? 40h    @
8c0e1d39  e0           ?? E0h
8c0e1d3a  4e           ?? 4Eh    N
8c0e1d3b  02           ?? 02h
8c0e1d3c  23           ?? 23h    #
8c0e1d3d  60           ?? 60h    `
8c0e1d3e  0b           ?? 0Bh
8c0e1d3f  88           ?? 88h
8c0e1d40  1a           ?? 1Ah
8c0e1d41  89           ?? 89h
8c0e1d42  23           ?? 23h    #
8c0e1d43  60           ?? 60h    `
8c0e1d44  0c           ?? 0Ch
8c0e1d45  88           ?? 88h
8c0e1d46  33           ?? 33h    3
8c0e1d47  89           ?? 89h
8c0e1d48  23           ?? 23h    #
8c0e1d49  60           ?? 60h    `
8c0e1d4a  0e           ?? 0Eh
8c0e1d4b  88           ?? 88h
8c0e1d4c  38           ?? 38h    8
8c0e1d4d  89           ?? 89h
8c0e1d4e  23           ?? 23h    #
8c0e1d4f  60           ?? 60h    `
8c0e1d50  0f           ?? 0Fh
8c0e1d51  88           ?? 88h
8c0e1d52  3a           ?? 3Ah    :
8c0e1d53  89           ?? 89h
8c0e1d54  23           ?? 23h    #
8c0e1d55  60           ?? 60h    `
8c0e1d56  15           ?? 15h
8c0e1d57  88           ?? 88h
8c0e1d58  3f           ?? 3Fh    ?
8c0e1d59  89           ?? 89h
8c0e1d5a  23           ?? 23h    #
8c0e1d5b  60           ?? 60h    `
8c0e1d5c  16           ?? 16h
8c0e1d5d  88           ?? 88h
8c0e1d5e  41           ?? 41h    A
8c0e1d5f  89           ?? 89h
8c0e1d60  23           ?? 23h    #
8c0e1d61  60           ?? 60h    `
8c0e1d62  18           ?? 18h
8c0e1d63  88           ?? 88h
8c0e1d64  46           ?? 46h    F
8c0e1d65  89           ?? 89h
8c0e1d66  23           ?? 23h    #
8c0e1d67  60           ?? 60h    `
8c0e1d68  19           ?? 19h
8c0e1d69  88           ?? 88h
8c0e1d6a  48           ?? 48h    H
8c0e1d6b  89           ?? 89h
8c0e1d6c  23           ?? 23h    #
8c0e1d6d  60           ?? 60h    `
8c0e1d6e  1a           ?? 1Ah
8c0e1d6f  88           ?? 88h
8c0e1d70  40           ?? 40h    @
8c0e1d71  89           ?? 89h
8c0e1d72  26           ?? 26h    &
8c0e1d73  4f           ?? 4Fh    O
8c0e1d74  0b           ?? 0Bh
8c0e1d75  00           ?? 00h
8c0e1d76  f6           ?? F6h
8c0e1d77  6e           ?? 6Eh    n
8c0e1d78  61           ?? 61h    a
8c0e1d79  90           ?? 90h
8c0e1d7a  04           ?? 04h
8c0e1d7b  e3           ?? E3h
8c0e1d7c  31           ?? 31h    1
8c0e1d7d  d2           ?? D2h
8c0e1d7e  0b           ?? 0Bh
8c0e1d7f  42           ?? 42h    B
8c0e1d80  36           ?? 36h    6
8c0e1d81  0e           ?? 0Eh
8c0e1d82  ed           ?? EDh
8c0e1d83  54           ?? 54h    T
8c0e1d84  58           ?? 58h    X
8c0e1d85  e0           ?? E0h
8c0e1d86  4e           ?? 4Eh    N
8c0e1d87  02           ?? 02h
8c0e1d88  28           ?? 28h    (
8c0e1d89  22           ?? 22h    "
8c0e1d8a  f2           ?? F2h
8c0e1d8b  89           ?? 89h
8c0e1d8c  2e           ?? 2Eh    .
8c0e1d8d  d2           ?? D2h
8c0e1d8e  0b           ?? 0Bh
8c0e1d8f  42           ?? 42h    B
8c0e1d90  09           ?? 09h
8c0e1d91  00           ?? 00h
8c0e1d92  08           ?? 08h
8c0e1d93  20           ?? 20h     
8c0e1d94  01           ?? 01h
8c0e1d95  e3           ?? E3h
8c0e1d96  29           ?? 29h    )
8c0e1d97  00           ?? 00h
8c0e1d98  3a           ?? 3Ah    :
8c0e1d99  20           ?? 20h     
8c0e1d9a  08           ?? 08h
8c0e1d9b  20           ?? 20h     
8c0e1d9c  e9           ?? E9h
8c0e1d9d  8b           ?? 8Bh
8c0e1d9e  2b           ?? 2Bh    +
8c0e1d9f  d2           ?? D2h
8c0e1da0  0b           ?? 0Bh
8c0e1da1  42           ?? 42h    B
8c0e1da2  ed           ?? EDh
8c0e1da3  54           ?? 54h    T
8c0e1da4  ed           ?? EDh
8c0e1da5  54           ?? 54h    T
8c0e1da6  2a           ?? 2Ah    *
8c0e1da7  d2           ?? D2h
8c0e1da8  0b           ?? 0Bh
8c0e1da9  42           ?? 42h    B
8c0e1daa  03           ?? 03h
8c0e1dab  65           ?? 65h    e
8c0e1dac  e1           ?? E1h
8c0e1dad  af           ?? AFh
8c0e1dae  09           ?? 09h
8c0e1daf  00           ?? 00h
8c0e1db0  24           ?? 24h    $
8c0e1db1  d2           ?? D2h
8c0e1db2  0b           ?? 0Bh
8c0e1db3  42           ?? 42h    B
8c0e1db4  09           ?? 09h
8c0e1db5  00           ?? 00h
8c0e1db6  42           ?? 42h    B
8c0e1db7  90           ?? 90h
8c0e1db8  05           ?? 05h
8c0e1db9  e3           ?? E3h
8c0e1dba  36           ?? 36h    6
8c0e1dbb  0e           ?? 0Eh
8c0e1dbc  d9           ?? D9h
8c0e1dbd  af           ?? AFh
8c0e1dbe  09           ?? 09h
8c0e1dbf  00           ?? 00h
8c0e1dc0  20           ?? 20h     
8c0e1dc1  d2           ?? D2h
8c0e1dc2  0b           ?? 0Bh
8c0e1dc3  42           ?? 42h    B
8c0e1dc4  09           ?? 09h
8c0e1dc5  00           ?? 00h
8c0e1dc6  d4           ?? D4h
8c0e1dc7  af           ?? AFh
8c0e1dc8  09           ?? 09h
8c0e1dc9  00           ?? 00h
8c0e1dca  1e           ?? 1Eh
8c0e1dcb  d2           ?? D2h
8c0e1dcc  0b           ?? 0Bh
8c0e1dcd  42           ?? 42h    B
8c0e1dce  09           ?? 09h
8c0e1dcf  00           ?? 00h
8c0e1dd0  35           ?? 35h    5
8c0e1dd1  90           ?? 90h
8c0e1dd2  05           ?? 05h
8c0e1dd3  e3           ?? E3h
8c0e1dd4  36           ?? 36h    6
8c0e1dd5  0e           ?? 0Eh
8c0e1dd6  cc           ?? CCh
8c0e1dd7  af           ?? AFh
8c0e1dd8  09           ?? 09h
8c0e1dd9  00           ?? 00h
8c0e1dda  1a           ?? 1Ah
8c0e1ddb  d2           ?? D2h
8c0e1ddc  0b           ?? 0Bh
8c0e1ddd  42           ?? 42h    B
8c0e1dde  09           ?? 09h
8c0e1ddf  00           ?? 00h
8c0e1de0  c7           ?? C7h
8c0e1de1  af           ?? AFh
8c0e1de2  09           ?? 09h
8c0e1de3  00           ?? 00h
8c0e1de4  17           ?? 17h
8c0e1de5  d2           ?? D2h
8c0e1de6  0b           ?? 0Bh
8c0e1de7  42           ?? 42h    B
8c0e1de8  09           ?? 09h
8c0e1de9  00           ?? 00h
8c0e1dea  28           ?? 28h    (
8c0e1deb  90           ?? 90h
8c0e1dec  05           ?? 05h
8c0e1ded  e3           ?? E3h
8c0e1dee  36           ?? 36h    6
8c0e1def  0e           ?? 0Eh
8c0e1df0  bf           ?? BFh
8c0e1df1  af           ?? AFh
8c0e1df2  09           ?? 09h
8c0e1df3  00           ?? 00h
8c0e1df4  13           ?? 13h
8c0e1df5  d2           ?? D2h
8c0e1df6  0b           ?? 0Bh
8c0e1df7  42           ?? 42h    B
8c0e1df8  09           ?? 09h
8c0e1df9  00           ?? 00h
8c0e1dfa  ba           ?? BAh
8c0e1dfb  af           ?? AFh
8c0e1dfc  09           ?? 09h
8c0e1dfd  00           ?? 00h
8c0e1dfe  11           ?? 11h
8c0e1dff  d2           ?? D2h
8c0e1e00  0b           ?? 0Bh
8c0e1e01  42           ?? 42h    B
8c0e1e02  09           ?? 09h
8c0e1e03  00           ?? 00h
8c0e1e04  1b           ?? 1Bh
8c0e1e05  90           ?? 90h
8c0e1e06  05           ?? 05h
8c0e1e07  e3           ?? E3h
8c0e1e08  36           ?? 36h    6
8c0e1e09  0e           ?? 0Eh
8c0e1e0a  b2           ?? B2h
8c0e1e0b  af           ?? AFh
8c0e1e0c  09           ?? 09h
8c0e1e0d  00           ?? 00h
8c0e1e0e  17 90        mov.w 0x8c0e1e40,r0
8c0e1e10  0b 00        rts
8c0e1e12  56 04        _mov.l r5,@(r0,r4)
8c0e1e14  53 60        mov r5,r0
8c0e1e16  01 88        cmp/eq #0x1,r0
8c0e1e18  0c 89        bt 0x8c0e1e34
8c0e1e1a  53 60        mov r5,r0
8c0e1e1c  02 88        cmp/eq #0x2,r0
8c0e1e1e  09 89        bt 0x8c0e1e34
8c0e1e20  53 60        mov r5,r0
